I'm sorry, but errors were detected in your script. Please correct the
errors listed below, and try again.


File "game/chap2.rpy", line 15: expected statement.
    Hide blue confused
                      ^

Ren'Py Version: Ren'Py 8.3.4.24120703
Sat Jan 25 18:55:34 2025
